1.1 And so it turned out; Mr. Hosea Hussey being from home, but leaving Mrs. Hussey entirely competent to attend to all his affairs.
1.2 Upon making known our desires for a supper and a bed, Mrs. Hussey, postponing further scolding for the present, ushered us into a little room, and seating us at a table spread with the relics of a recently concluded repast, turned round to us and said--"Clam or Cod?"

2.0 "The whale fell directly over him, and probably killed him in a moment."
2.1 --"THE WHALE AND HIS CAPTORS, OR THE WHALEMAN'S ADVENTURES AND THE WHALE'S BIOGRAPHY, GATHERED ON THE HOMEWARD CRUISE OF THE COMMODORE PREBLE."
2.2 BY REV.
2.3 HENRY T. CHEEVER.

3.0 "It is impossible to meet a whale-ship on the ocean without being struck by her near appearance.
3.1 The vessel under short sail, with look-outs at the mast-heads, eagerly scanning the wide expanse around them, has a totally different air from those engaged in regular voyage."
3.2 --CURRENTS AND WHALING.
3.3 U.S. EX.
3.4 EX.

4.0 We also want to test skipping of additional blank lines.
4.1 This paragraph is preceded by two blank lines.
