<1>And so it turned out; Mr. Hosea Hussey being from home, but leaving Mrs. Hussey entirely competent to attend to all his affairs.</1>  <2>Upon making known our desires for a supper and a bed, Mrs. Hussey, postponing further scolding for the present, ushered us into a little room, and seating us at a table spread with the relics of a recently concluded repast, turned round to us and said--"Clam or Cod?"</2> 
<3>"The whale fell directly over him, and probably killed him in a moment."</3> <4>--"THE WHALE AND HIS CAPTORS, OR THE WHALEMAN'S ADVENTURES AND THE WHALE'S BIOGRAPHY, GATHERED ON THE HOMEWARD CRUISE OF THE COMMODORE PREBLE."</4>  <5>BY REV.</5> <6>HENRY T.  CHEEVER.</6>  
<7>"It is impossible to meet a whale-ship on the ocean without being struck by her near appearance.</7>  <8>The vessel under short sail, with look-outs at the mast-heads, eagerly scanning the wide expanse around them, has a totally different air from those engaged in regular voyage."</8> <9>--CURRENTS AND WHALING.</9>  <10>U.S. EX.</10> <11>EX.</11>
